// Jest Snapshot v1, https://goo.gl/fbAQLP

exports[`match home snapshot 1`] = `<theCalculator />`;
